(1/1760) [skip] REV 11/03-06/06thMarch20-09.csv (already ingested as session 299)
(2/1760) [skip] REV 11/03-06/06thMarch20-35.csv (already ingested as session 303)
(3/1760) [skip] REV 11/03-06/06thMarch20-22.csv (already ingested as session 300)
(4/1760) [skip] REV 11/03-06/06thMarch20-34.csv (already ingested as session 302)
(5/1760) [skip] REV 11/03-06/06thMarch20-36.csv (already ingested as session 304)
(6/1760) [skip] REV 11/03-06/06thMarch20-31.csv (already ingested as session 301)
(7/1760) [skip] REV 11/03-06/06thMarch20-41.csv (already ingested as session 306)
(8/1760) [skip] REV 11/03-06/06thMarch21-48.csv (already ingested as session 305)
(9/1760) [skip] REV 11/03-06/06thMarch21-51.csv (already ingested as session 307)
(10/1760) [skip] REV 11/03-06/06thMarch22-06.csv (already ingested as session 308)
(11/1760) [skip] REV 11/03-06/06thMarch21-52.csv (already ingested as session 309)
(12/1760) [skip] REV 11/03-06/06thMarch21-57.csv (already ingested as session 310)
(13/1760) [skip] REV 11/03-06/06thMarch22-40.csv (already ingested as session 314)
(14/1760) [skip] REV 11/03-06/06thMarch22-07.csv (already ingested as session 311)
(15/1760) [skip] REV 11/03-06/06thMarch21-50.csv (already ingested as session 312)
(16/1760) [skip] REV 11/03-06/06thMarch23-04.csv (already ingested as session 316)
(17/1760) [skip] REV 11/03-06/06thMarch23-12.csv (already ingested as session 317)
(18/1760) [skip] REV 11/03-06/06thMarch22-55.csv (already ingested as session 315)
(19/1760) [skip] REV 11/03-06/06thMarch23-22.csv (already ingested as session 318)
(20/1760) [skip] REV 11/03-06/06thMarch23-25.csv (already ingested as session 320)
(21/1760) [skip] REV 11/03-06/06thMarch23-23.csv (already ingested as session 319)
(22/1760) [skip] REV 11/03-06/06thMarch23-30.csv (already ingested as session 322)
(23/1760) [skip] REV 11/03-06/06thMarch23-26.csv (already ingested as session 321)
(24/1760) [skip] REV 11/03-06/06thMarch22-33.csv (already ingested as session 313)
(25/1760) [skip] REV 11/03-07/07thMarch00-12.csv (already ingested as session 326)
(26/1760) [skip] REV 11/03-06/06thMarch23-59.csv (already ingested as session 324)
(27/1760) [skip] REV 11/03-07/07thMarch00-13.csv (already ingested as session 327)
(28/1760) [skip] REV 11/03-07/07thMarch00-14.csv (already ingested as session 328)
(29/1760) [skip] REV 11/03-07/07thMarch00-23.csv (already ingested as session 330)
(30/1760) [skip] REV 11/03-07/07thMarch00-11.csv (already ingested as session 325)
(31/1760) [skip] REV 11/03-07/07thMarch00-28.csv (already ingested as session 331)
(32/1760) [skip] REV 11/03-06/06thMarch22-52.csv (already ingested as session 323)
(33/1760) [skip] REV 11/03-07/07thMarch00-32.csv (already ingested as session 334)
(34/1760) [skip] REV 11/03-07/07thMarch00-31.csv (already ingested as session 333)
(35/1760) [ok]   REV 11/03-07/07thMarch00-24.csv -> session 336 (3,291,090 rows, 311 vars) in 120.0s (27k rows/s)
(36/1760) [ok]   REV 11/03-07/07thMarch10-15.csv -> session 339 (2,882 rows, 18 vars) in 0.1s (21k rows/s)
(37/1760) [ok]   REV 11/03-07/07thMarch11-31.csv -> session 340 (1,006 rows, 18 vars) in 0.1s (7k rows/s)
(38/1760) [ok]   REV 11/03-07/07thMarch14-43.csv -> session 341 (1,932 rows, 18 vars) in 0.1s (16k rows/s)
(39/1760) [ok]   REV 11/03-07/07thMarch14-56.csv -> session 342 (680 rows, 18 vars) in 0.1s (6k rows/s)
(40/1760) [ok]   REV 11/03-07/07thMarch15-30.csv -> session 343 (478 rows, 18 vars) in 0.1s (4k rows/s)
(41/1760) [ok]   REV 11/03-07/07thMarch00-15.csv -> session 335 (5,811,747 rows, 311 vars) in 132.9s (44k rows/s)
(42/1760) [ok]   REV 11/03-07/07thMarch17-13.csv -> session 345 (462 rows, 18 vars) in 0.2s (3k rows/s)
(43/1760) [ok]   REV 11/03-07/07thMarch18-03.csv -> session 346 (3,282 rows, 18 vars) in 0.2s (20k rows/s)
(44/1760) [ok]   REV 11/03-07/07thMarch00-38.csv -> session 337 (12,098,929 rows, 669 vars) in 66.9s (181k rows/s)
(45/1760) [ok]   REV 11/03-07/07thMarch18-26.csv -> session 347 (626 rows, 18 vars) in 0.1s (6k rows/s)
(46/1760) [ok]   REV 11/03-07/07thMarch18-28.csv -> session 349 (13,654,908 rows, 18 vars) in 69.1s (198k rows/s)
(47/1760) [ok]   REV 11/03-07/07thMarch18-30.csv -> session 350 (686,868 rows, 314 vars) in 4.3s (159k rows/s)
(48/1760) [ok]   REV 11/03-07/07thMarch16-14.csv -> session 344 (844 rows, 18 vars) in 150.1s (0k rows/s)
(49/1760) [ok]   REV 11/03-07/07thMarch00-33.csv -> session 338 (34,562,564 rows, 669 vars) in 173.3s (199k rows/s)
(50/1760) [ok]   REV 11/03-07/07thMarch19-00.csv -> session 352 (1,272,784 rows, 314 vars) in 6.9s (185k rows/s)
(51/1760) [ok]   REV 11/03-07/07thMarch19-03.csv -> session 353 (574,434 rows, 314 vars) in 3.8s (151k rows/s)
(52/1760) [ok]   REV 11/03-07/07thMarch18-34.csv -> session 351 (3,332,201 rows, 314 vars) in 18.2s (183k rows/s)
(53/1760) [ok]   REV 11/03-07/07thMarch19-34.csv -> session 354 (1,046,909 rows, 672 vars) in 10.1s (104k rows/s)
(54/1760) [ok]   REV 11/03-07/07thMarch19-41.csv -> session 357 (17,230 rows, 2 vars) in 0.2s (80k rows/s)
(55/1760) [ok]   REV 11/03-07/07thMarch19-50.csv -> session 358 (436,327 rows, 672 vars) in 4.5s (97k rows/s)
(56/1760) [ok]   REV 11/03-07/07thMarch20-48.csv -> session 359 (74,375 rows, 672 vars) in 2.1s (35k rows/s)
(57/1760) [ok]   REV 11/03-07/07thMarch20-53.csv -> session 360 (410,538 rows, 672 vars) in 4.8s (85k rows/s)
(58/1760) [ok]   REV 11/03-07/07thMarch19-29.csv -> session 356 (4,413,539 rows, 672 vars) in 28.4s (155k rows/s)
(59/1760) [ok]   REV 11/03-07/07thMarch19-09.csv -> session 355 (11,112,534 rows, 672 vars) in 72.8s (153k rows/s)
(60/1760) [ok]   REV 11/03-07/07thMarch20-56.csv -> session 361 (6,500,168 rows, 672 vars) in 49.2s (132k rows/s)
(61/1760) [ok]   REV 11/03-07/07thMarch18-25.csv -> session 348 (43,582,634 rows, 18 vars) in 221.5s (197k rows/s)
(62/1760) [ok]   REV 11/03-07/07thMarch21-03.csv -> session 362 (9,113,260 rows, 727 vars, 69,607 invalid (0.76%)) in 66.0s (138k rows/s)
(63/1760) [ok]   REV 11/03-07/07thMarch21-24.csv -> session 363 (187,162 rows, 715 vars, 1,384 invalid (0.74%)) in 2.7s (70k rows/s)
(64/1760) [ok]   REV 11/03-07/07thMarch21-16.csv -> session 364 (4,090,305 rows, 727 vars, 31,114 invalid (0.76%)) in 25.8s (159k rows/s)
(65/1760) [ok]   REV 11/03-07/07thMarch21-28.csv -> session 366 (9,509,540 rows, 727 vars, 72,239 invalid (0.76%)) in 56.7s (168k rows/s)
(66/1760) [ok]   REV 11/03-07/07thMarch21-39.csv -> session 367 (6,102,901 rows, 727 vars, 46,065 invalid (0.75%)) in 36.2s (169k rows/s)
(67/1760) [ok]   REV 11/03-07/07thMarch22-02.csv -> session 368 (504,428 rows, 723 vars, 3,924 invalid (0.78%)) in 5.4s (93k rows/s)
(68/1760) [ok]   REV 11/03-07/07thMarch22-08.csv -> session 369 (433,223 rows, 723 vars, 3,282 invalid (0.76%)) in 5.3s (81k rows/s)
(69/1760) [ok]   REV 11/03-07/07thMarch22-11.csv -> session 370 (445,250 rows, 723 vars, 3,391 invalid (0.76%)) in 6.5s (68k rows/s)
(70/1760) [ok]   REV 11/03-07/07thMarch22-13.csv -> session 372 (335,375 rows, 723 vars, 2,486 invalid (0.74%)) in 4.7s (71k rows/s)
(71/1760) [ok]   REV 11/03-07/07thMarch22-26.csv -> session 373 (398,443 rows, 723 vars, 2,996 invalid (0.75%)) in 5.7s (70k rows/s)
(72/1760) [ok]   REV 11/03-07/07thMarch22-30.csv -> session 374 (552,465 rows, 723 vars, 4,090 invalid (0.74%)) in 5.9s (94k rows/s)
(73/1760) [ok]   REV 11/03-07/07thMarch21-15.csv -> session 365 (37,597,584 rows, 574 vars, 24 invalid (0.00%)) in 180.4s (208k rows/s)
(74/1760) [ok]   REV 11/03-07/07thMarch22-01.csv -> session 371 (15,233,396 rows, 605 vars, 22 invalid (0.00%)) in 77.5s (196k rows/s)
(75/1760) [ok]   REV 11/03-07/07thMarch23-32.csv -> session 376 (3,586 rows, 91 vars) in 0.4s (8k rows/s)
(76/1760) [ok]   REV 11/03-08/08thMarch01-00.csv -> session 377 (649 rows, 87 vars) in 0.4s (2k rows/s)
(77/1760) [ok]   REV 11/03-07/07thMarch22-31.csv -> session 375 (8,194,260 rows, 727 vars, 62,123 invalid (0.76%)) in 51.2s (160k rows/s)
(78/1760) [ok]   REV 11/03-08/08thMarch20-22.csv -> session 378 (1,390,003 rows, 667 vars) in 8.8s (158k rows/s)
(79/1760) [ok]   REV 11/03-08/08thMarch20-33.csv -> session 379 (904,614 rows, 667 vars) in 12.7s (71k rows/s)
(80/1760) [ok]   REV 11/03-08/08thMarch20-42.csv -> session 382 (2,993,628 rows, 667 vars, 1 invalid (0.00%)) in 17.5s (171k rows/s)
(81/1760) [ok]   REV 11/03-08/08thMarch23-06.csv -> session 383 (10,856,164 rows, 667 vars) in 74.6s (145k rows/s)
(82/1760) [ok]   REV 11/03-09/09thMarch00-39 -> session 385 (21,220 rows, 25 vars) in 0.3s (67k rows/s)
(83/1760) [ok]   REV 11/03-09/09thMarch00-39.csv -> session 386 (21,220 rows, 25 vars) in 0.3s (62k rows/s)
(84/1760) [ok]   REV 11/03-09/09thMarch01-47 -> session 387 (3,545,023 rows, 667 vars) in 20.7s (171k rows/s)
(85/1760) [ok]   REV 11/03-09/09thMarch01-47.csv -> session 388 (3,545,023 rows, 667 vars) in 22.5s (158k rows/s)
