recompressed 13 chunks in 4806s
  before      72.24 GB  (43.0 bytes/row)
  after       72.28 GB  (42.97 bytes/row)
  source CSV  47.4 GB   -> 0.7x smaller
  sessions 298, samples 1,681,854,727

query timings:
  threshold scan (summary tier)        3.8 ms  -> 12 sessions
  one variable, one session (raw)     79.8 ms  -> 31,222 rows
  per-session stats for a month        8.3 ms  -> 248 rows
  full raw scan                     6040.7 ms

storage:
  samples (hypertable)         67 GB
  session_var_stats            60 MB
  sessions                     264 kB
  variables                    4992 kB

top sentinel offenders:
shape: (4, 8)
┌────────────┬───────┬────────────┬────────────┬────────────┬────────────┬────────────┬────────────┐
│ var_key    ┆ dtype ┆ sentinel_b ┆ n_invalid  ┆ n          ┆ invalid_fr ┆ sessions_a ┆ sessions_t │
│ ---        ┆ ---   ┆ its        ┆ ---        ┆ ---        ┆ action     ┆ ffected    ┆ otal       │
│ str        ┆ str   ┆ ---        ┆ decimal[38 ┆ decimal[38 ┆ ---        ┆ ---        ┆ ---        │
│            ┆       ┆ i64        ┆ ,0]        ┆ ,0]        ┆ f64        ┆ i64        ┆ i64        │
╞════════════╪═══════╪════════════╪════════════╪════════════╪════════════╪════════════╪════════════╡
│ pcm.pedals ┆ float ┆ 8277800    ┆ 1284910    ┆ 8229330    ┆ 0.156138   ┆ 135        ┆ 289        │
│ .accel     ┆       ┆            ┆            ┆            ┆            ┆            ┆            │
│ bms.pack.c ┆ int   ┆ 0          ┆ 1580       ┆ 781673     ┆ 0.002021   ┆ 6          ┆ 248        │
│ apacity    ┆       ┆            ┆            ┆            ┆            ┆            ┆            │
│ bms.stack. ┆ float ┆ 6000000    ┆ 1543       ┆ 782904     ┆ 0.001971   ┆ 5          ┆ 248        │
│ mma.heatsi ┆       ┆            ┆            ┆            ┆            ┆            ┆            │
│ nkTemp.max ┆       ┆            ┆            ┆            ┆            ┆            ┆            │
│ pcm.tracti ┆ float ┆ 8339694    ┆ 8792       ┆ 8279155    ┆ 0.001062   ┆ 6          ┆ 289        │
│ onControl. ┆       ┆            ┆            ┆            ┆            ┆            ┆            │
│ smo.fr     ┆       ┆            ┆            ┆            ┆            ┆            ┆            │
└────────────┴───────┴────────────┴────────────┴────────────┴────────────┴────────────┴────────────┘
