(1/299) [skip] REV 11/05-01/1stMay12-30-13.csv (already ingested as session 1)
(2/299) [ok]   REV 11/05-01/1stMay13-17-30.csv -> session 2 (106,119 rows, 1072 vars) in 3.2s (33k rows/s)
(3/299) [ok]   REV 11/05-01/1stMay13-17-43.csv -> session 4 (1,594,302 rows, 1072 vars) in 12.5s (128k rows/s)
(4/299) [ok]   REV 11/05-01/1stMay12-52-46.csv -> session 3 (3,045,178 rows, 1072 vars, 14,717 invalid (0.48%)) in 21.5s (141k rows/s)
(5/299) [ok]   REV 11/05-01/1stMay13-29-06.csv -> session 5 (104,960 rows, 1072 vars) in 3.9s (27k rows/s)
(6/299) [ok]   REV 11/05-01/1stMay13-29-20.csv -> session 7 (2,147,062 rows, 1072 vars) in 15.4s (139k rows/s)
(7/299) [ok]   REV 11/05-01/1stMay14-29-26.csv -> session 9 (2,785,814 rows, 1072 vars, 4,451 invalid (0.16%)) in 21.5s (130k rows/s)
(8/299) [ok]   REV 11/05-01/1stMay14-37-47.csv -> session 10 (2,464,921 rows, 1072 vars, 7,504 invalid (0.30%)) in 23.5s (105k rows/s)
(9/299) [ok]   REV 11/05-01/1stMay14-39-51.csv -> session 12 (384,002 rows, 1072 vars, 1,737 invalid (0.45%)) in 5.7s (67k rows/s)
(10/299) [ok]   REV 11/05-01/1stMay14-40-11.csv -> session 13 (698,833 rows, 1072 vars, 1,635 invalid (0.23%)) in 9.2s (76k rows/s)
(11/299) [ok]   REV 11/05-01/1stMay12-36-40.csv -> session 6 (16,623,916 rows, 1072 vars, 33,981 invalid (0.20%)) in 118.5s (140k rows/s)
(12/299) [ok]   REV 11/05-01/1stMay14-48-57.csv -> session 14 (3,216,923 rows, 1072 vars, 7,487 invalid (0.23%)) in 28.2s (114k rows/s)
(13/299) [ok]   REV 11/05-01/1stMay15-20-57.csv -> session 16 (108,053 rows, 1072 vars) in 3.7s (29k rows/s)
(14/299) [ok]   REV 11/05-01/1stMay15-21-10.csv -> session 17 (681,072 rows, 1072 vars, 625 invalid (0.09%)) in 8.0s (85k rows/s)
(15/299) [ok]   REV 11/05-01/1stMay15-10-39.csv -> session 15 (5,139,595 rows, 1072 vars, 13,700 invalid (0.27%)) in 41.6s (124k rows/s)
(16/299) [ok]   REV 11/05-01/1stMay16-01-30.csv -> session 19 (1,584,940 rows, 196 vars) in 12.1s (131k rows/s)
(17/299) [ok]   REV 11/05-02/2ndMay08-22-10.csv -> session 20 (1,145,468 rows, 996 vars, 3,764 invalid (0.33%)) in 8.8s (131k rows/s)
(18/299) [ok]   REV 11/05-02/2ndMay08-31-56.csv -> session 21 (107,190 rows, 1078 vars) in 4.0s (27k rows/s)
(19/299) [ok]   REV 11/05-01/1stMay15-58-15.csv -> session 18 (4,219,008 rows, 1072 vars, 3,542 invalid (0.08%)) in 33.5s (126k rows/s)
(20/299) [ok]   REV 11/05-02/2ndMay08-32-10.csv -> session 22 (479,387 rows, 1078 vars) in 6.6s (72k rows/s)
(21/299) [ok]   REV 11/05-01/1stMay12-56-40.csv -> session 8 (23,876,150 rows, 1072 vars, 8,091 invalid (0.03%)) in 178.3s (134k rows/s)
(22/299) [ok]   REV 11/05-02/2ndMay09-55-26.csv -> session 23 (1,114,658 rows, 1078 vars) in 9.0s (124k rows/s)
(23/299) [ok]   REV 11/05-02/2ndMay09-58-01.csv -> session 24 (107,286 rows, 1078 vars) in 6.8s (16k rows/s)
(24/299) [ok]   REV 11/05-02/2ndMay09-59-15.csv -> session 27 (101,994 rows, 1078 vars) in 3.5s (29k rows/s)
(25/299) [ok]   REV 11/05-02/2ndMay09-56-55.csv -> session 25 (1,232,410 rows, 1076 vars, 2,615 invalid (0.21%)) in 11.9s (103k rows/s)
(26/299) [ok]   REV 11/05-02/2ndMay09-58-14.csv -> session 26 (1,219,625 rows, 1078 vars, 3,821 invalid (0.31%)) in 10.1s (121k rows/s)
(27/299) [ok]   REV 11/05-02/2ndMay09-59-28.csv -> session 28 (1,219,628 rows, 1078 vars, 2,162 invalid (0.18%)) in 10.4s (118k rows/s)
(28/299) [ok]   REV 11/05-02/2ndMay10-02-29.csv -> session 29 (1,241,431 rows, 1078 vars, 2,075 invalid (0.17%)) in 10.4s (120k rows/s)
(29/299) [ok]   REV 11/05-02/2ndMay10-00-28.csv -> session 30 (2,989,886 rows, 1078 vars, 1,693 invalid (0.06%)) in 21.5s (139k rows/s)
(30/299) [ok]   REV 11/05-02/2ndMay10-03-29.csv -> session 31 (2,471,400 rows, 1078 vars) in 18.7s (132k rows/s)
(31/299) [ok]   REV 11/05-02/2ndMay11-17-07.csv -> session 32 (107,777 rows, 1078 vars, 532 invalid (0.49%)) in 3.8s (29k rows/s)
(32/299) [ok]   REV 11/05-02/2ndMay11-38-10.csv -> session 33 (1,259,490 rows, 1078 vars, 3,673 invalid (0.29%)) in 10.2s (123k rows/s)
(33/299) [ok]   REV 11/05-02/2ndMay11-17-21.csv -> session 34 (1,419,820 rows, 1078 vars, 235 invalid (0.02%)) in 12.0s (119k rows/s)
(34/299) [ok]   REV 11/05-02/2ndMay11-38-58.csv -> session 35 (113,797 rows, 1078 vars, 561 invalid (0.49%)) in 4.0s (28k rows/s)
(35/299) [ok]   REV 11/05-02/2ndMay11-44-58.csv -> session 37 (107,613 rows, 1078 vars) in 3.6s (30k rows/s)
(36/299) [ok]   REV 11/05-02/2ndMay11-45-11.csv -> session 39 (2,360,835 rows, 1078 vars, 5,253 invalid (0.22%)) in 18.1s (130k rows/s)
(37/299) [ok]   REV 11/05-02/2ndMay11-41-15.csv -> session 38 (3,729,273 rows, 1078 vars, 9,604 invalid (0.26%)) in 26.0s (143k rows/s)
(38/299) [ok]   REV 11/05-02/2ndMay11-49-32.csv -> session 40 (507,822 rows, 1078 vars, 1,097 invalid (0.22%)) in 5.6s (90k rows/s)
(39/299) [ok]   REV 11/05-01/1stMay13-54-17.csv -> session 11 (40,940,141 rows, 1072 vars, 40,198 invalid (0.10%)) in 289.9s (141k rows/s)
(40/299) [ok]   REV 11/05-02/2ndMay12-30-11.csv -> session 42 (105,932 rows, 1078 vars) in 5.9s (18k rows/s)
(41/299) [ok]   REV 11/05-02/2ndMay12-14-35.csv -> session 41 (4,814,293 rows, 1078 vars) in 38.2s (126k rows/s)
(42/299) [ok]   REV 11/05-02/2ndMay12-35-26.csv -> session 45 (106,608 rows, 1078 vars) in 4.6s (23k rows/s)
(43/299) [ok]   REV 11/05-02/2ndMay12-30-24.csv -> session 44 (188,558 rows, 1078 vars) in 5.1s (37k rows/s)
(44/299) [ok]   REV 11/05-02/2ndMay12-35-39.csv -> session 46 (623,528 rows, 1078 vars) in 7.9s (79k rows/s)
(45/299) [ok]   REV 11/05-02/2ndMay12-36-40.csv -> session 47 (1,495,520 rows, 1078 vars, 30 invalid (0.00%)) in 14.1s (106k rows/s)
(46/299) [ok]   REV 11/05-02/2ndMay13-48-06.csv -> session 48 (1,171,793 rows, 1078 vars) in 10.9s (107k rows/s)
(47/299) [ok]   REV 11/05-02/2ndMay10-47-42.csv -> session 36 (24,119,528 rows, 1078 vars, 21,597 invalid (0.09%)) in 166.3s (145k rows/s)
(48/299) [ok]   REV 11/05-02/2ndMay13-59-04.csv -> session 50 (4,759,665 rows, 1078 vars) in 37.6s (127k rows/s)
(49/299) [ok]   REV 11/05-11/11thMay17-26-33.csv -> session 51 (82,073 rows, 522 vars, 506 invalid (0.62%)) in 2.1s (39k rows/s)
(50/299) [ok]   REV 11/05-02/2ndMay13-52-38.csv -> session 49 (7,876,501 rows, 1078 vars, 1,897 invalid (0.02%)) in 59.6s (132k rows/s)
(51/299) [ok]   REV 11/05-11/11thMay17-39-24.csv -> session 53 (462,045 rows, 522 vars) in 4.6s (100k rows/s)
(52/299) [ok]   REV 11/05-11/11thMay17-40-16.csv -> session 55 (2,236,831 rows, 522 vars) in 15.8s (141k rows/s)
(53/299) [ok]   REV 11/05-11/11thMay17-42-57.csv -> session 56 (3,303,838 rows, 522 vars) in 27.2s (121k rows/s)
(54/299) [ok]   REV 11/05-11/11thMay17-50-57.csv -> session 57 (31,101 rows, 522 vars) in 2.7s (12k rows/s)
(55/299) [ok]   REV 11/05-11/11thMay17-26-46.csv -> session 54 (10,749,444 rows, 522 vars, 13,117 invalid (0.12%)) in 74.5s (144k rows/s)
(56/299) [ok]   REV 11/05-02/2ndMay14-03-06.csv -> session 52 (11,101,907 rows, 1078 vars) in 86.9s (128k rows/s)
(57/299) [ok]   REV 11/05-11/11thMay17-51-24.csv -> session 58 (2,718,863 rows, 522 vars) in 20.6s (132k rows/s)
(58/299) [ok]   REV 11/05-02/2ndMay11-50-57.csv -> session 43 (27,025,040 rows, 1078 vars, 6,494 invalid (0.02%)) in 203.1s (133k rows/s)
(59/299) [ok]   REV 11/05-11/11thMay18-00-38.csv -> session 59 (834,467 rows, 522 vars) in 8.1s (103k rows/s)
(60/299) [ok]   REV 11/05-11/11thMay17-54-35.csv -> session 60 (5,504,468 rows, 522 vars) in 36.6s (150k rows/s)
(61/299) [ok]   REV 11/05-11/11thMay18-59-44.csv -> session 61 (1,923,466 rows, 1078 vars, 4,484 invalid (0.23%)) in 18.4s (105k rows/s)
(62/299) [ok]   REV 11/05-11/11thMay18-01-52.csv -> session 62 (8,119,785 rows, 522 vars) in 54.2s (150k rows/s)
(63/299) [ok]   REV 11/05-11/11thMay18-09-35.csv -> session 63 (8,635,771 rows, 1078 vars) in 60.4s (143k rows/s)
(64/299) [ok]   REV 11/05-11/11thMay20-19-28.csv -> session 67 (103,571 rows, 1078 vars, 511 invalid (0.49%)) in 5.4s (19k rows/s)
(65/299) [ok]   REV 11/05-11/11thMay20-19-41.csv -> session 68 (702,278 rows, 1078 vars, 3,468 invalid (0.49%)) in 8.0s (88k rows/s)
(66/299) [ok]   REV 11/05-11/11thMay20-39-15.csv -> session 69 (105,995 rows, 1078 vars, 525 invalid (0.50%)) in 4.7s (23k rows/s)
(67/299) [ok]   REV 11/05-11/11thMay20-39-28.csv -> session 70 (3,583,599 rows, 1078 vars, 16,861 invalid (0.47%)) in 24.4s (147k rows/s)
(68/299) [ok]   REV 11/05-11/11thMay19-07-23.csv -> session 65 (61,685 rows, 1078 vars) in 108.3s (1k rows/s)
(69/299) [ok]   REV 11/05-11/11thMay19-05-04.csv -> session 64 (622,384 rows, 1078 vars, 3,087 invalid (0.50%)) in 114.9s (5k rows/s)
(70/299) [ok]   REV 11/05-11/11thMay19-07-36.csv -> session 66 (754,676 rows, 1078 vars) in 71.1s (11k rows/s)
(71/299) [ok]   REV 11/05-11/11thMay20-43-34.csv -> session 71 (1,241,634 rows, 1078 vars) in 10.5s (118k rows/s)
(72/299) [ok]   REV 11/05-11/11thMay20-50-36.csv -> session 72 (104,544 rows, 1078 vars) in 4.0s (26k rows/s)
(73/299) [ok]   REV 11/05-11/11thMay21-24-00.csv -> session 73 (100,465 rows, 1078 vars) in 3.1s (32k rows/s)
(74/299) [ok]   REV 11/05-11/11thMay21-21-58.csv -> session 74 (616,873 rows, 1078 vars) in 5.9s (105k rows/s)
(75/299) [ok]   REV 11/05-11/11thMay21-30-26.csv -> session 76 (5,573,952 rows, 1078 vars, 11,622 invalid (0.21%)) in 40.8s (137k rows/s)
(76/299) [ok]   REV 11/05-11/11thMay21-24-13.csv -> session 75 (6,890,016 rows, 1078 vars, 9,771 invalid (0.14%)) in 49.6s (139k rows/s)
(77/299) [ok]   REV 11/05-11/11thMay22-30-14.csv -> session 80 (108,417 rows, 1078 vars) in 3.3s (33k rows/s)
(78/299) [ok]   REV 11/05-11/11thMay22-18-39.csv -> session 77 (6,504,394 rows, 1078 vars, 3,680 invalid (0.06%)) in 48.5s (134k rows/s)
(79/299) [ok]   REV 11/05-11/11thMay22-30-27.csv -> session 81 (854,005 rows, 1078 vars) in 9.1s (94k rows/s)
(80/299) [ok]   REV 11/05-11/11thMay22-27-15.csv -> session 79 (2,273,207 rows, 1078 vars, 1,358 invalid (0.06%)) in 18.3s (125k rows/s)
(81/299) [ok]   REV 11/05-12/12thMay09-10-09.csv -> session 82 (147,724 rows, 1060 vars, 189 invalid (0.13%)) in 3.6s (42k rows/s)
(82/299) [ok]   REV 11/05-11/11thMay20-50-49.csv -> session 78 (26,207,331 rows, 1078 vars, 58,114 invalid (0.22%)) in 158.7s (165k rows/s)
(83/299) [ok]   REV 11/05-12/12thMay09-17-07.csv -> session 83 (103,793 rows, 1075 vars, 173 invalid (0.17%)) in 170.4s (1k rows/s)
(84/299) [ok]   REV 11/05-12/12thMay09-16-33.csv -> session 84 (1,026,473 rows, 1075 vars, 5,092 invalid (0.50%)) in 173.9s (6k rows/s)
(85/299) [ok]   REV 11/05-12/12thMay09-26-02.csv -> session 88 (54,939 rows, 453 vars) in 1.6s (35k rows/s)
(86/299) [ok]   REV 11/05-12/12thMay09-22-56.csv -> session 87 (1,319,918 rows, 453 vars) in 9.3s (142k rows/s)
(87/299) [ok]   REV 11/05-12/12thMay09-10-22.csv -> session 85 (3,325,839 rows, 1060 vars, 4,631 invalid (0.14%)) in 187.4s (18k rows/s)
(88/299) [ok]   REV 11/05-12/12thMay09-47-26.csv -> session 91 (27,093 rows, 443 vars, 22 invalid (0.08%)) in 1.3s (20k rows/s)
(89/299) [ok]   REV 11/05-12/12thMay09-47-39.csv -> session 92 (40,214 rows, 441 vars, 20 invalid (0.05%)) in 1.9s (22k rows/s)
(90/299) [ok]   REV 11/05-12/12thMay09-29-31.csv -> session 90 (1,295,883 rows, 453 vars, 5,062 invalid (0.39%)) in 9.2s (141k rows/s)
(91/299) [ok]   REV 11/05-12/12thMay09-26-15.csv -> session 89 (1,723,608 rows, 959 vars, 8,925 invalid (0.52%)) in 13.6s (127k rows/s)
(92/299) [ok]   REV 11/05-12/12thMay09-17-21.csv -> session 86 (4,125,253 rows, 1075 vars, 19,416 invalid (0.47%)) in 74.0s (56k rows/s)
(93/299) [ok]   REV 11/05-12/12thMay09-57-58.csv -> session 93 (107,240 rows, 1078 vars) in 3.5s (30k rows/s)
(94/299) [ok]   REV 11/05-12/12thMay09-48-09.csv -> session 94 (1,453,689 rows, 1078 vars, 699 invalid (0.05%)) in 11.5s (126k rows/s)
(95/299) [ok]   REV 11/05-12/12thMay10-25-34.csv -> session 97 (107,357 rows, 1078 vars) in 4.7s (23k rows/s)
(96/299) [ok]   REV 11/05-12/12thMay09-51-25.csv -> session 95 (2,105,318 rows, 1078 vars, 2,625 invalid (0.12%)) in 17.1s (123k rows/s)
(97/299) [ok]   REV 11/05-12/12thMay09-53-32.csv -> session 96 (2,310,830 rows, 1078 vars, 1,016 invalid (0.04%)) in 18.0s (129k rows/s)
(98/299) [ok]   REV 11/05-12/12thMay10-36-28.csv -> session 99 (220,525 rows, 1078 vars) in 4.2s (53k rows/s)
(99/299) [ok]   REV 11/05-12/12thMay10-39-15.csv -> session 102 (23,507 rows, 196 vars) in 0.7s (34k rows/s)
(100/299) [ok]   REV 11/05-12/12thMay10-25-47.csv -> session 100 (1,729,375 rows, 1078 vars) in 13.5s (128k rows/s)
(101/299) [ok]   REV 11/05-12/12thMay10-59-53.csv -> session 104 (108,123 rows, 1078 vars, 534 invalid (0.49%)) in 4.4s (25k rows/s)
(102/299) [ok]   REV 11/05-12/12thMay10-37-09.csv -> session 101 (2,441,634 rows, 1078 vars, 3,550 invalid (0.15%)) in 18.5s (132k rows/s)
(103/299) [ok]   REV 11/05-12/12thMay10-39-29.csv -> session 103 (2,778,580 rows, 1078 vars, 709 invalid (0.03%)) in 18.8s (148k rows/s)
(104/299) [ok]   REV 11/05-12/12thMay09-58-11.csv -> session 98 (7,632,945 rows, 1078 vars, 1,698 invalid (0.02%)) in 47.8s (160k rows/s)
(105/299) [ok]   REV 11/05-12/12thMay11-00-07.csv -> session 105 (6,145,513 rows, 1078 vars, 1,314 invalid (0.02%)) in 38.1s (161k rows/s)
(106/299) [ok]   REV 11/05-13/13thMay08-30-17.csv -> session 107 (105,712 rows, 1078 vars) in 3.1s (34k rows/s)
(107/299) [ok]   REV 11/05-12/12thMay12-08-53.csv -> session 106 (7,862,671 rows, 1078 vars, 26,886 invalid (0.34%)) in 52.6s (150k rows/s)
(108/299) [ok]   REV 11/05-13/13thMay08-33-29.csv -> session 109 (4,487,612 rows, 1078 vars) in 37.4s (120k rows/s)
(109/299) [ok]   REV 11/05-13/13thMay08-30-31.csv -> session 108 (7,535,687 rows, 1078 vars) in 58.0s (130k rows/s)
(110/299) [ok]   REV 11/05-13/13thMay08-40-05.csv -> session 112 (3,613,148 rows, 1090 vars) in 27.6s (131k rows/s)
(111/299) [ok]   REV 11/05-13/13thMay08-56-29.csv -> session 113 (149,083 rows, 1072 vars, 204 invalid (0.14%)) in 3.5s (43k rows/s)
(112/299) [ok]   REV 11/05-13/13thMay08-56-42.csv -> session 114 (746,500 rows, 1072 vars, 1,135 invalid (0.15%)) in 7.9s (95k rows/s)
(113/299) [ok]   REV 11/05-13/13thMay09-52-00.csv -> session 116 (79,937 rows, 1072 vars, 112 invalid (0.14%)) in 3.3s (24k rows/s)
(114/299) [ok]   REV 11/05-13/13thMay09-53-33.csv -> session 117 (230,064 rows, 1087 vars) in 4.1s (57k rows/s)
(115/299) [ok]   REV 11/05-13/13thMay09-53-56.csv -> session 118 (2,574,543 rows, 1087 vars) in 20.3s (127k rows/s)
(116/299) [ok]   REV 11/05-13/13thMay09-57-29.csv -> session 119 (108,438 rows, 1087 vars) in 3.5s (31k rows/s)
(117/299) [ok]   REV 11/05-13/13thMay09-57-43.csv -> session 120 (3,177,977 rows, 1087 vars) in 21.9s (145k rows/s)
(118/299) [ok]   REV 11/05-13/13thMay11-04-20.csv -> session 121 (107,195 rows, 1087 vars) in 3.5s (31k rows/s)
(119/299) [ok]   REV 11/05-13/13thMay08-43-28.csv -> session 115 (16,387,417 rows, 1090 vars) in 104.7s (157k rows/s)
(120/299) [ok]   REV 11/05-13/13thMay11-23-27.csv -> session 123 (104,306 rows, 1087 vars) in 3.6s (29k rows/s)
(121/299) [ok]   REV 11/05-12/12thMay11-42-20.csv -> session 111 (31,995,091 rows, 1078 vars, 8,472 invalid (0.03%)) in 237.0s (135k rows/s)
(122/299) [ok]   REV 11/05-13/13thMay11-04-33.csv -> session 122 (14,508,461 rows, 1087 vars) in 95.8s (151k rows/s)
(123/299) [ok]   REV 11/05-12/12thMay11-10-43.csv -> session 110 (37,042,967 rows, 1078 vars, 36,035 invalid (0.10%)) in 269.4s (138k rows/s)
(124/299) [ok]   REV 11/05-13/13thMay11-40-43.csv -> session 125 (107,141 rows, 1087 vars) in 87.6s (1k rows/s)
(125/299) [ok]   REV 11/05-13/13thMay11-40-56.csv -> session 126 (1,937,099 rows, 1087 vars) in 58.4s (33k rows/s)
(126/299) [ok]   REV 11/05-13/13thMay13-07-09.csv -> session 128 (269,106 rows, 208 vars) in 2.6s (104k rows/s)
(127/299) [ok]   REV 11/05-13/13thMay12-55-31.csv -> session 129 (10,365,798 rows, 1087 vars, 1,595 invalid (0.02%)) in 67.9s (153k rows/s)
(128/299) [ok]   REV 11/05-13/13thMay13-20-05.csv -> session 131 (27,451 rows, 951 vars) in 2.6s (11k rows/s)
(129/299) [ok]   REV 11/05-13/13thMay11-43-39.csv -> session 127 (19,135,369 rows, 1087 vars, 25,477 invalid (0.13%)) in 139.6s (137k rows/s)
(130/299) [ok]   REV 11/05-13/13thMay13-07-40.csv -> session 130 (11,912,626 rows, 1090 vars, 14,912 invalid (0.13%)) in 81.1s (147k rows/s)
(131/299) [ok]   REV 11/05-13/13thMay13-41-12.csv -> session 133 (369,178 rows, 208 vars) in 3.1s (120k rows/s)
(132/299) [ok]   REV 11/05-13/13thMay11-23-40.csv -> session 124 (7,699,882 rows, 1087 vars) in 276.4s (28k rows/s)
(133/299) [ok]   REV 11/05-13/13thMay13-45-24.csv -> session 136 (29,686 rows, 208 vars) in 0.8s (37k rows/s)
(134/299) [ok]   REV 11/05-13/13thMay13-42-36.csv -> session 134 (725,374 rows, 208 vars) in 5.9s (122k rows/s)
(135/299) [ok]   REV 11/05-13/13thMay13-58-31.csv -> session 137 (2,895,190 rows, 1090 vars) in 24.9s (116k rows/s)
(136/299) [ok]   REV 11/05-13/13thMay14-02-46.csv -> session 139 (77,028 rows, 1090 vars) in 3.3s (23k rows/s)
(137/299) [ok]   REV 11/05-13/13thMay13-20-19.csv -> session 132 (11,366,566 rows, 1090 vars, 6,628 invalid (0.06%)) in 84.1s (135k rows/s)
(138/299) [ok]   REV 11/05-13/13thMay13-30-41.csv -> session 135 (10,283,242 rows, 1090 vars, 61 invalid (0.00%)) in 77.3s (133k rows/s)
(139/299) [ok]   REV 11/05-13/13thMay14-20-15.csv -> session 141 (3,372,025 rows, 1090 vars) in 27.5s (123k rows/s)
(140/299) [ok]   REV 11/05-13/13thMay14-02-59.csv -> session 140 (5,087,497 rows, 1090 vars) in 39.1s (130k rows/s)
(141/299) [ok]   REV 11/05-13/13thMay13-46-51.csv -> session 138 (12,997,928 rows, 1090 vars) in 92.5s (141k rows/s)
(142/299) [ok]   REV 11/05-13/13thMay15-13-41.csv -> session 142 (62,659 rows, 1078 vars) in 3.2s (20k rows/s)
(143/299) [ok]   REV 11/05-13/13thMay15-13-55.csv -> session 144 (4,605,839 rows, 1078 vars, 983 invalid (0.02%)) in 38.6s (119k rows/s)
(144/299) [ok]   REV 11/05-13/13thMay15-24-25.csv -> session 147 (23,924 rows, 196 vars) in 0.8s (30k rows/s)
(145/299) [ok]   REV 11/05-13/13thMay15-07-27.csv -> session 143 (7,065,870 rows, 1078 vars) in 56.9s (124k rows/s)
(146/299) [ok]   REV 11/05-13/13thMay15-24-39.csv -> session 148 (3,528,809 rows, 522 vars, 7,379 invalid (0.21%)) in 25.9s (136k rows/s)
(147/299) [ok]   REV 11/05-13/13thMay21-37-48.csv -> session 149 (85,374 rows, 522 vars, 524 invalid (0.61%)) in 2.3s (38k rows/s)
(148/299) [ok]   REV 11/05-13/13thMay21-38-01.csv -> session 151 (1,196,870 rows, 522 vars) in 8.2s (147k rows/s)
(149/299) [ok]   REV 11/05-14/14thMay00-21-46.csv -> session 152 (361,498 rows, 520 vars, 238 invalid (0.07%)) in 5.0s (72k rows/s)
(150/299) [ok]   REV 11/05-13/13thMay14-53-55.csv -> session 145 (11,759,192 rows, 1078 vars, 375 invalid (0.00%)) in 92.6s (127k rows/s)
(151/299) [ok]   REV 11/05-14/14thMay00-31-43.csv -> session 153 (71,002 rows, 531 vars) in 2.0s (36k rows/s)
(152/299) [ok]   REV 11/05-14/14thMay00-32-00.csv -> session 154 (81,987 rows, 531 vars) in 1.8s (45k rows/s)
(153/299) [ok]   REV 11/05-14/14thMay00-35-41.csv -> session 155 (82,161 rows, 531 vars) in 2.2s (38k rows/s)
(154/299) [ok]   REV 11/05-14/14thMay00-35-54.csv -> session 157 (1,390,660 rows, 531 vars) in 9.4s (149k rows/s)
(155/299) [ok]   REV 11/05-14/14thMay00-32-14.csv -> session 156 (2,138,891 rows, 531 vars) in 13.6s (157k rows/s)
(156/299) [ok]   REV 11/05-14/14thMay00-40-15.csv -> session 158 (496,255 rows, 531 vars, 3,056 invalid (0.62%)) in 4.2s (119k rows/s)
(157/299) [ok]   REV 11/05-14/14thMay00-37-55.csv -> session 159 (1,489,182 rows, 531 vars, 9,188 invalid (0.62%)) in 10.0s (149k rows/s)
(158/299) [ok]   REV 11/05-13/13thMay20-45-06.csv -> session 150 (10,113,535 rows, 522 vars, 308 invalid (0.00%)) in 59.1s (171k rows/s)
(159/299) [ok]   REV 11/05-14/14thMay09-27-52.csv -> session 161 (2,726,294 rows, 531 vars) in 18.6s (146k rows/s)
(160/299) [ok]   REV 11/05-14/14thMay00-42-58.csv -> session 160 (3,493,455 rows, 531 vars) in 23.2s (151k rows/s)
(161/299) [ok]   REV 11/05-13/13thMay14-28-55.csv -> session 146 (21,112,919 rows, 1078 vars, 12,712 invalid (0.06%)) in 151.1s (140k rows/s)
(162/299) [ok]   REV 11/05-14/14thMay10-34-57.csv -> session 162 (96,684 rows, 531 vars) in 27.7s (3k rows/s)
(163/299) [ok]   REV 11/05-14/14thMay10-42-34.csv -> session 165 (106,972 rows, 1087 vars, 531 invalid (0.50%)) in 3.4s (31k rows/s)
(164/299) [ok]   REV 11/05-14/14thMay10-35-31.csv -> session 164 (2,222,399 rows, 531 vars) in 29.4s (75k rows/s)
(165/299) [ok]   REV 11/05-14/14thMay10-14-13.csv -> session 163 (2,687,304 rows, 531 vars) in 38.4s (70k rows/s)
(166/299) [ok]   REV 11/05-14/14thMay10-54-28.csv -> session 166 (105,376 rows, 1087 vars) in 3.9s (27k rows/s)
(167/299) [ok]   REV 11/05-14/14thMay11-00-01.csv -> session 167 (105,741 rows, 1087 vars) in 4.2s (25k rows/s)
(168/299) [ok]   REV 11/05-14/14thMay11-00-15.csv -> session 170 (707,816 rows, 1087 vars) in 8.6s (82k rows/s)
(169/299) [ok]   REV 11/05-14/14thMay11-03-59.csv -> session 172 (105,426 rows, 1087 vars) in 3.4s (31k rows/s)
(170/299) [ok]   REV 11/05-14/14thMay10-54-42.csv -> session 169 (4,206,708 rows, 1087 vars) in 30.8s (137k rows/s)
(171/299) [ok]   REV 11/05-14/14thMay11-23-54.csv -> session 173 (104,272 rows, 1087 vars) in 4.1s (25k rows/s)
(172/299) [ok]   REV 11/05-14/14thMay10-42-47.csv -> session 171 (13,898,698 rows, 1087 vars, 57,153 invalid (0.41%)) in 98.3s (141k rows/s)
(173/299) [ok]   REV 11/05-14/14thMay11-44-09.csv -> session 176 (2,470,898 rows, 1087 vars, 741 invalid (0.03%)) in 24.3s (102k rows/s)
(174/299) [ok]   REV 11/05-14/14thMay11-04-13.csv -> session 174 (12,757,135 rows, 1087 vars, 39,501 invalid (0.31%)) in 96.9s (132k rows/s)
(175/299) [ok]   REV 11/05-14/14thMay13-58-08.csv -> session 177 (107,311 rows, 1087 vars) in 5.1s (21k rows/s)
(176/299) [ok]   REV 11/05-14/14thMay13-58-21.csv -> session 178 (284,105 rows, 1087 vars) in 6.3s (45k rows/s)
(177/299) [ok]   REV 11/05-14/14thMay14-00-17.csv -> session 179 (105,213 rows, 1087 vars) in 5.4s (19k rows/s)
(178/299) [ok]   REV 11/05-14/14thMay14-00-30.csv -> session 181 (3,005,605 rows, 1087 vars) in 29.3s (103k rows/s)
(179/299) [ok]   REV 11/05-14/14thMay12-46-09.csv -> session 180 (8,759,228 rows, 1087 vars, 8,481 invalid (0.10%)) in 67.6s (130k rows/s)
(180/299) [ok]   REV 11/05-14/14thMay11-24-07.csv -> session 175 (20,481,470 rows, 1087 vars) in 151.8s (135k rows/s)
(181/299) [ok]   REV 11/05-14/14thMay09-29-59.csv -> session 168 (37,448,421 rows, 531 vars) in 254.6s (147k rows/s)
(182/299) [ok]   REV 11/05-14/14thMay15-52-25.csv -> session 182 (8,300,279 rows, 1087 vars, 38,299 invalid (0.46%)) in 72.5s (114k rows/s)
(183/299) [ok]   REV 11/05-18/18thMay09-31-01.csv -> session 186 (108,948 rows, 1090 vars) in 5.4s (20k rows/s)
(184/299) [ok]   REV 11/05-18/18thMay09-31-15.csv -> session 187 (3,802,666 rows, 1090 vars) in 29.4s (129k rows/s)
(185/299) [ok]   REV 11/05-18/18thMay10-02-42.csv -> session 188 (1,332,066 rows, 1090 vars, 130 invalid (0.01%)) in 13.5s (99k rows/s)
(186/299) [ok]   REV 11/05-18/18thMay10-11-48.csv -> session 189 (71,943 rows, 1090 vars, 354 invalid (0.49%)) in 5.1s (14k rows/s)
(187/299) [ok]   REV 11/05-18/18thMay10-12-03.csv -> session 190 (277,837 rows, 830 vars) in 6.6s (42k rows/s)
(188/299) [ok]   REV 11/05-14/14thMay14-50-49.csv -> session 183 (16,627,902 rows, 1087 vars, 536 invalid (0.00%)) in 137.4s (121k rows/s)
(189/299) [ok]   REV 11/05-18/18thMay10-13-27.csv -> session 191 (2,482,373 rows, 1090 vars, 8,929 invalid (0.36%)) in 18.9s (131k rows/s)
(190/299) [ok]   REV 11/05-18/18thMay10-37-51.csv -> session 192 (107,390 rows, 1090 vars) in 5.7s (19k rows/s)
(191/299) [ok]   REV 11/05-18/18thMay10-38-04.csv -> session 194 (9,583,271 rows, 1090 vars, 7,133 invalid (0.07%)) in 231.2s (41k rows/s)
(192/299) [ok]   REV 11/05-18/18thMay10-18-03.csv -> session 193 (14,606,681 rows, 1090 vars, 3,988 invalid (0.03%)) in 264.6s (55k rows/s)
(193/299) [ok]   REV 11/05-18/18thMay10-48-29.csv -> session 195 (106,411 rows, 1090 vars, 526 invalid (0.49%)) in 3.4s (32k rows/s)
(194/299) [ok]   REV 11/05-18/18thMay10-49-42.csv -> session 196 (107,481 rows, 1090 vars, 531 invalid (0.49%)) in 3.4s (32k rows/s)
(195/299) [ok]   REV 11/05-14/14thMay14-08-08.csv -> session 184 (48,075,689 rows, 1087 vars, 5,672 invalid (0.01%)) in 508.5s (95k rows/s)
(196/299) [ok]   REV 11/05-14/14thMay15-05-18.csv -> session 185 (44,681,654 rows, 1087 vars, 122,589 invalid (0.27%)) in 482.0s (93k rows/s)
(197/299) [ok]   REV 11/05-18/18thMay11-14-46.csv -> session 198 (623,661 rows, 1090 vars) in 6.1s (102k rows/s)
(198/299) [ok]   REV 11/05-18/18thMay11-07-03.csv -> session 197 (5,031,107 rows, 1090 vars, 673 invalid (0.01%)) in 31.3s (161k rows/s)
(199/299) [ok]   REV 11/05-18/18thMay12-11-54.csv -> session 199 (107,046 rows, 1090 vars, 529 invalid (0.49%)) in 3.3s (32k rows/s)
(200/299) [ok]   REV 11/05-18/18thMay10-48-42.csv -> session 201 (1,740,332 rows, 1090 vars) in 15.7s (111k rows/s)
(201/299) [ok]   REV 11/05-18/18thMay10-49-56.csv -> session 200 (16,665,465 rows, 1090 vars, 6,319 invalid (0.04%)) in 115.5s (144k rows/s)
(202/299) [ok]   REV 11/05-18/18thMay12-12-07.csv -> session 202 (34,484,220 rows, 1090 vars, 44,988 invalid (0.13%)) in 219.7s (157k rows/s)
(203/299) [ok]   REV 11/05-18/18thMay13-28-55.csv -> session 206 (106,126 rows, 1090 vars) in 97.8s (1k rows/s)
(204/299) [ok]   REV 11/05-18/18thMay13-15-33.csv -> session 205 (10,535,474 rows, 1090 vars, 14,733 invalid (0.14%)) in 278.0s (38k rows/s)
(205/299) [ok]   REV 11/05-18/18thMay13-29-08.csv -> session 207 (10,096,839 rows, 1090 vars, 2,150 invalid (0.02%)) in 70.5s (143k rows/s)
(206/299) [ok]   REV 11/05-18/18thMay14-54-08.csv -> session 208 (5,386,774 rows, 1090 vars) in 39.7s (136k rows/s)
(207/299) [ok]   REV 11/05-18/18thMay15-03-04.csv -> session 210 (107,319 rows, 1090 vars) in 3.8s (28k rows/s)
(208/299) [ok]   REV 11/05-18/18thMay15-03-09.csv -> session 211 (7,917 rows, 911 vars) in 2.3s (3k rows/s)
(209/299) [ok]   REV 11/05-18/18thMay14-25-52.csv -> session 209 (11,973,981 rows, 1090 vars, 515 invalid (0.00%)) in 89.1s (134k rows/s)
(210/299) [ok]   REV 11/05-18/18thMay15-26-53.csv -> session 213 (107,139 rows, 1090 vars) in 3.8s (28k rows/s)
(211/299) [ok]   REV 11/05-18/18thMay12-58-51.csv -> session 204 (9,997,054 rows, 1090 vars, 9,545 invalid (0.10%)) in 426.9s (23k rows/s)
(212/299) [ok]   REV 11/05-18/18thMay15-41-18.csv -> session 214 (709,835 rows, 1086 vars, 1,045 invalid (0.15%)) in 8.3s (86k rows/s)
(213/299) [ok]   REV 11/05-18/18thMay15-47-33.csv -> session 216 (61,421 rows, 1090 vars) in 3.2s (19k rows/s)
(214/299) [ok]   REV 11/05-18/18thMay15-48-02.csv -> session 217 (1,109,187 rows, 1090 vars) in 11.3s (98k rows/s)
(215/299) [ok]   REV 11/05-18/18thMay15-49-05.csv -> session 218 (107,931 rows, 1090 vars) in 4.0s (27k rows/s)
(216/299) [ok]   REV 11/05-18/18thMay15-27-06.csv -> session 215 (4,820,297 rows, 1090 vars, 21 invalid (0.00%)) in 38.9s (124k rows/s)
(217/299) [ok]   REV 11/05-18/18thMay16-00-41.csv -> session 220 (2,402,261 rows, 1090 vars) in 20.7s (116k rows/s)
(218/299) [ok]   REV 11/05-18/18thMay16-05-53.csv -> session 221 (107,797 rows, 1090 vars) in 3.6s (30k rows/s)
(219/299) [ok]   REV 11/05-18/18thMay16-06-06.csv -> session 222 (1,632,901 rows, 1090 vars) in 14.3s (115k rows/s)
(220/299) [ok]   REV 11/05-18/18thMay15-49-18.csv -> session 219 (8,159,995 rows, 1090 vars, 787 invalid (0.01%)) in 63.5s (128k rows/s)
(221/299) [ok]   REV 11/05-18/18thMay16-35-29.csv -> session 224 (5,472,673 rows, 1090 vars, 12,748 invalid (0.23%)) in 42.8s (128k rows/s)
(222/299) [ok]   REV 11/05-18/18thMay15-03-17.csv -> session 212 (26,621,787 rows, 1090 vars, 5,808 invalid (0.02%)) in 203.7s (131k rows/s)
(223/299) [ok]   REV 11/05-18/18thMay16-55-00.csv -> session 226 (103,746 rows, 1090 vars) in 3.5s (30k rows/s)
(224/299) [ok]   REV 11/05-18/18thMay16-51-47.csv -> session 225 (3,715,829 rows, 1090 vars) in 32.6s (114k rows/s)
(225/299) [ok]   REV 11/05-20/20thMay09-27-51.csv -> session 228 (106,403 rows, 1096 vars) in 3.5s (31k rows/s)
(226/299) [ok]   REV 11/05-18/18thMay16-22-11.csv -> session 223 (12,500,801 rows, 1090 vars, 830 invalid (0.01%)) in 98.1s (127k rows/s)
(227/299) [ok]   REV 11/05-18/18thMay16-55-13.csv -> session 227 (7,368,362 rows, 1090 vars) in 60.6s (122k rows/s)
(228/299) [ok]   REV 11/05-18/18thMay11-15-46.csv -> session 203 (60,348,147 rows, 1090 vars, 32,382 invalid (0.05%)) in 734.3s (82k rows/s)
(229/299) [ok]   REV 11/05-20/20thMay10-19-59.csv -> session 231 (1,854,623 rows, 1096 vars) in 19.3s (96k rows/s)
(230/299) [ok]   REV 11/05-20/20thMay10-36-55.csv -> session 232 (3,724,334 rows, 1096 vars) in 32.6s (114k rows/s)
(231/299) [ok]   REV 11/05-20/20thMay10-39-56.csv -> session 233 (5,576,794 rows, 1096 vars, 2 invalid (0.00%)) in 46.0s (121k rows/s)
(232/299) [ok]   REV 11/05-20/20thMay09-28-04.csv -> session 229 (16,212,088 rows, 1096 vars, 959 invalid (0.01%)) in 119.2s (136k rows/s)
(233/299) [ok]   REV 11/05-20/20thMay11-12-46.csv -> session 236 (107,855 rows, 1096 vars, 493 invalid (0.46%)) in 7.6s (14k rows/s)
(234/299) [ok]   REV 11/05-20/20thMay10-57-41.csv -> session 234 (2,477,686 rows, 1096 vars) in 25.6s (97k rows/s)
(235/299) [ok]   REV 11/05-20/20thMay11-33-06.csv -> session 237 (106,195 rows, 1096 vars) in 8.2s (13k rows/s)
(236/299) [ok]   REV 11/05-20/20thMay11-02-55.csv -> session 235 (2,460,500 rows, 1096 vars, 613 invalid (0.02%)) in 24.5s (100k rows/s)
(237/299) [ok]   REV 11/05-20/20thMay09-43-21.csv -> session 230 (24,263,628 rows, 1096 vars, 18,426 invalid (0.08%)) in 187.3s (130k rows/s)
(238/299) [ok]   REV 11/05-20/20thMay11-33-19.csv -> session 239 (15,491,149 rows, 1096 vars) in 132.3s (117k rows/s)
(239/299) [ok]   REV 11/05-20/20thMay12-34-54.csv -> session 242 (2,477,701 rows, 1096 vars, 11,305 invalid (0.46%)) in 22.9s (108k rows/s)
(240/299) [ok]   REV 11/05-20/20thMay11-13-00.csv -> session 238 (22,628,540 rows, 1096 vars, 1,964 invalid (0.01%)) in 183.8s (123k rows/s)
(241/299) [ok]   REV 11/05-20/20thMay12-13-13.csv -> session 241 (19,437,007 rows, 1096 vars) in 153.5s (127k rows/s)
(242/299) [ok]   REV 11/05-20/20thMay11-49-51.csv -> session 240 (26,467,527 rows, 1096 vars) in 214.3s (124k rows/s)
(243/299) [ok]   REV 11/05-20/20thMay13-44-40.csv -> session 245 (617,626 rows, 1096 vars) in 185.5s (3k rows/s)
(244/299) [ok]   REV 11/05-20/20thMay13-47-55.csv -> session 246 (624,079 rows, 1096 vars) in 182.3s (3k rows/s)
(245/299) [ok]   REV 11/05-20/20thMay13-30-00.csv -> session 243 (12,710,309 rows, 1096 vars) in 298.2s (43k rows/s)
(246/299) [ok]   REV 11/05-20/20thMay14-51-30.csv -> session 248 (107,253 rows, 1096 vars) in 3.8s (28k rows/s)
(247/299) [ok]   REV 11/05-20/20thMay14-51-43.csv -> session 250 (9,495,701 rows, 1096 vars) in 73.6s (129k rows/s)
(248/299) [ok]   REV 11/05-20/20thMay17-24-27.csv -> session 251 (1,230,930 rows, 1096 vars) in 11.2s (109k rows/s)
(249/299) [ok]   REV 11/05-20/20thMay17-36-22.csv -> session 252 (104,403 rows, 1096 vars) in 3.5s (30k rows/s)
(250/299) [ok]   REV 11/05-20/20thMay14-30-22.csv -> session 247 (16,125,809 rows, 1096 vars, 220 invalid (0.00%)) in 123.8s (130k rows/s)
(251/299) [ok]   REV 11/05-26/26thMay09-05-24.csv -> session 254 (3,122,237 rows, 1096 vars, 3,018 invalid (0.10%)) in 22.2s (140k rows/s)
(252/299) [ok]   REV 11/05-20/20thMay17-36-35.csv -> session 253 (5,028,170 rows, 1096 vars) in 41.2s (122k rows/s)
(253/299) [ok]   REV 11/05-26/26thMay10-22-47.csv -> session 255 (1,234,581 rows, 1096 vars) in 12.5s (99k rows/s)
(254/299) [ok]   REV 11/05-26/26thMay11-12-40.csv -> session 257 (2,484,756 rows, 1096 vars) in 19.0s (131k rows/s)
(255/299) [ok]   REV 11/05-20/20thMay13-01-10.csv -> session 244 (33,603,889 rows, 1096 vars) in 476.4s (71k rows/s)
(256/299) [ok]   REV 11/05-20/20thMay13-48-55.csv -> session 249 (27,093,708 rows, 1096 vars) in 207.7s (130k rows/s)
(257/299) [ok]   REV 11/05-26/26thMay11-14-41.csv -> session 258 (12,206,211 rows, 1096 vars) in 97.7s (125k rows/s)
(258/299) [ok]   REV 11/05-26/26thMay12-53-03.csv -> session 261 (109,155 rows, 1096 vars, 538 invalid (0.49%)) in 6.6s (17k rows/s)
(259/299) [ok]   REV 11/05-26/26thMay11-43-33.csv -> session 259 (16,632,675 rows, 1096 vars, 5,582 invalid (0.03%)) in 128.6s (129k rows/s)
(260/299) [ok]   REV 11/05-26/26thMay09-07-48.csv -> session 256 (30,902,948 rows, 1096 vars, 248 invalid (0.00%)) in 230.9s (134k rows/s)
(261/299) [ok]   REV 11/05-26/26thMay12-03-22.csv -> session 260 (29,984,621 rows, 1096 vars, 9,475 invalid (0.03%)) in 225.1s (133k rows/s)
(262/299) [ok]   REV 11/05-27/27thMay16-19-09.csv -> session 265 (108,430 rows, 1096 vars) in 8.0s (14k rows/s)
(263/299) [ok]   REV 11/05-26/26thMay12-53-16.csv -> session 262 (17,651,191 rows, 1096 vars, 14,375 invalid (0.08%)) in 136.2s (130k rows/s)
(264/299) [ok]   REV 11/05-27/27thMay16-19-23.csv -> session 266 (5,040,955 rows, 1096 vars, 9,499 invalid (0.19%)) in 34.7s (145k rows/s)
(265/299) [ok]   REV 11/05-29/29thMay15-44-30.csv -> session 268 (4,147,521 rows, 1096 vars) in 27.4s (151k rows/s)
(266/299) [ok]   REV 11/05-29/29thMay16-07-13.csv -> session 269 (882,227 rows, 1096 vars, 4,348 invalid (0.49%)) in 7.7s (114k rows/s)
(267/299) [ok]   REV 11/05-29/29thMay16-37-32.csv -> session 270 (1,514,087 rows, 1096 vars, 7,464 invalid (0.49%)) in 11.8s (128k rows/s)
(268/299) [ok]   REV 11/05-29/29thMay16-39-12.csv -> session 271 (1,242,230 rows, 1096 vars, 6,110 invalid (0.49%)) in 11.3s (110k rows/s)
(269/299) [ok]   REV 11/05-27/27thMay16-35-24.csv -> session 267 (14,550,278 rows, 540 vars, 7,718 invalid (0.05%)) in 89.2s (163k rows/s)
(270/299) [ok]   REV 11/05-29/29thMay16-53-43.csv -> session 273 (782,005 rows, 1096 vars, 3,867 invalid (0.49%)) in 7.8s (100k rows/s)
(271/299) [ok]   REV 11/05-29/29thMay16-42-07.csv -> session 272 (1,579,602 rows, 1096 vars, 7,779 invalid (0.49%)) in 12.7s (125k rows/s)
(272/299) [ok]   REV 11/05-29/29thMay16-55-27.csv -> session 274 (676,648 rows, 1096 vars, 3,325 invalid (0.49%)) in 8.0s (85k rows/s)
(273/299) [fail] REV 11/05-29/29thMay17-01-32.csv: empty CSV
(274/299) [ok]   REV 11/05-26/26thMay13-21-14.csv -> session 263 (33,794,512 rows, 1098 vars) in 243.3s (139k rows/s)
(275/299) [ok]   REV 11/05-29/29thMay17-10-24.csv -> session 276 (203,720 rows, 214 vars) in 1.7s (117k rows/s)
(276/299) [ok]   REV 11/05-29/29thMay17-21-17.csv -> session 277 (626,471 rows, 1096 vars, 3,084 invalid (0.49%)) in 6.8s (92k rows/s)
(277/299) [ok]   REV 11/05-29/29thMay16-55-57.csv -> session 275 (3,377,036 rows, 1096 vars, 16,623 invalid (0.49%)) in 23.5s (144k rows/s)
(278/299) [ok]   REV 11/05-29/29thMay17-26-54.csv -> session 279 (1,245,682 rows, 1096 vars, 6,134 invalid (0.49%)) in 11.1s (112k rows/s)
(279/299) [ok]   REV 11/05-29/29thMay17-31-00.csv -> session 280 (5,594,021 rows, 1096 vars, 14,883 invalid (0.27%)) in 38.1s (147k rows/s)
(280/299) [ok]   REV 11/05-29/29thMay17-03-14.csv -> session 278 (9,416,356 rows, 1096 vars, 46,320 invalid (0.49%)) in 65.3s (144k rows/s)
(281/299) [ok]   REV 11/05-29/29thMay19-29-44.csv -> session 281 (1,447,342 rows, 1096 vars) in 14.9s (97k rows/s)
(282/299) [ok]   REV 11/05-29/29thMay19-32-21.csv -> session 283 (625,065 rows, 1096 vars) in 8.0s (79k rows/s)
(283/299) [ok]   REV 11/05-29/29thMay19-33-23.csv -> session 284 (617,314 rows, 1096 vars) in 7.8s (79k rows/s)
(284/299) [ok]   REV 11/05-29/29thMay19-37-15.csv -> session 286 (107,165 rows, 1096 vars) in 3.5s (31k rows/s)
(285/299) [ok]   REV 11/05-29/29thMay19-35-01.csv -> session 285 (725,248 rows, 1096 vars) in 7.4s (98k rows/s)
(286/299) [ok]   REV 11/05-29/29thMay19-37-28.csv -> session 287 (187,035 rows, 1096 vars) in 4.9s (39k rows/s)
(287/299) [ok]   REV 11/05-29/29thMay19-41-04.csv -> session 288 (82,456 rows, 540 vars, 1 invalid (0.00%)) in 2.6s (31k rows/s)
(288/299) [ok]   REV 11/05-29/29thMay20-57-49.csv -> session 290 (3,431,661 rows, 1096 vars, 15,354 invalid (0.45%)) in 23.6s (145k rows/s)
(289/299) [ok]   REV 11/05-29/29thMay21-08-14.csv -> session 291 (2,463,249 rows, 1096 vars, 11,747 invalid (0.48%)) in 17.9s (138k rows/s)
(290/299) [ok]   REV 11/05-29/29thMay19-42-57.csv -> session 289 (9,749,558 rows, 1096 vars, 47,626 invalid (0.49%)) in 72.8s (134k rows/s)
(291/299) [ok]   REV 11/05-31/31stMay16-53-53.csv -> session 293 (23,928 rows, 540 vars, 148 invalid (0.62%)) in 1.6s (15k rows/s)
(292/299) [ok]   REV 11/05-31/31stMay16-53-55.csv -> session 294 (3,291 rows, 355 vars, 21 invalid (0.64%)) in 1.2s (3k rows/s)
(293/299) [ok]   REV 11/05-31/31stMay16-53-56.csv -> session 295 (34,177 rows, 540 vars, 211 invalid (0.62%)) in 1.9s (18k rows/s)
(294/299) [ok]   REV 11/05-31/31stMay17-17-07.csv -> session 296 (85,162 rows, 540 vars, 359 invalid (0.42%)) in 2.2s (39k rows/s)
(295/299) [ok]   REV 11/05-31/31stMay17-17-34.csv -> session 297 (34,614 rows, 540 vars, 47 invalid (0.14%)) in 2.1s (17k rows/s)
(296/299) [ok]   REV 11/05-29/29thMay21-11-42.csv -> session 292 (5,235,770 rows, 1096 vars, 25,798 invalid (0.49%)) in 35.7s (147k rows/s)
(297/299) [ok]   REV 11/05-31/31stMay18-08-26.csv -> session 298 (641,362 rows, 540 vars, 3,970 invalid (0.62%)) in 5.0s (128k rows/s)
(298/299) [ok]   REV 11/05-29/29thMay17-37-19.csv -> session 282 (33,989,090 rows, 1096 vars, 28,391 invalid (0.08%)) in 226.4s (150k rows/s)
(299/299) [ok]   REV 11/05-26/26thMay15-44-19.csv -> session 264 (8,383,278 rows, 540 vars) in 523.6s (16k rows/s)

=== done in 1264.2 min, 1 failures ===
REV 11/05-29/29thMay17-01-32.csv: Traceback (most recent call last):
  File "/home/cgovind/PER/perda/perda/timeline/batch.py", line 50, in _ingest_one
    result = ingest_log(_WORKER_STORE, path, key, etag=etag)
  File "/home/cgovind/PER/perda/perda/timeline/ingest.py", line 229, in ingest_log
    raw = _read_samples(path, header)
  File "/home/cgovind/PER/perda/perda/timeline/ingest.py", line 35, in _read_samples
    pl.read_csv(
    ~~~~~~~~~~~^
        path,
        ^^^^^
    ...<9 lines>...
        glob=False,
        ^^^^^^^^^^^
    )
    ^
polars.exceptions.NoDataError: empty CSV

